// Jest Snapshot v1, https://goo.gl/fbAQLP

exports[`<App /> should render and match the snapshot 1`] = `
<div>
  <ForwardRef>
    <Switch>
      <Route
        component={[Function]}
        exact={true}
        path="/"
      />
      <Route
        component={[Function]}
        exact={true}
        path="/problem"
      />
      <Route
        component={[Function]}
      />
    </Switch>
    <GlobalStyleComponent />
  </ForwardRef>
</div>
`;
